../Core/Src/main.c:145:5:_write	24	static
../Core/Src/main.c:158:6:HAL_I2C_ErrorCallback	16	static
../Core/Src/main.c:177:6:HAL_TIM_PeriodElapsedCallback	24	static
../Core/Src/main.c:217:6:HAL_I2C_AddrCallback	32	static
../Core/Src/main.c:258:6:HAL_I2C_ListenCpltCallback	16	static
../Core/Src/main.c:276:5:main	8	static
../Core/Src/main.c:333:6:SystemClock_Config	88	static
../Core/Src/main.c:375:13:MX_I2C1_Init	8	static
../Core/Src/main.c:423:13:MX_TIM10_Init	8	static
../Core/Src/main.c:454:13:MX_USART3_UART_Init	8	static
../Core/Src/main.c:489:13:MX_GPIO_Init	16	static
../Core/Src/main.c:512:6:Error_Handler	4	static,ignoring_inline_asm
